Archive member included to satisfy reference by file (symbol)

esp-idf/main/libmain.a(bootloader_start.c.obj)
                              (call_start_cpu)
esp-idf/bootloader_support/libbootloader_support.a(bootloader_init.c.obj)
                              esp-idf/main/libmain.a(bootloader_start.c.obj) (bootloader_init)
esp-idf/bootloader_support/libbootloader_support.a(bootloader_utility.c.obj)
                              esp-idf/main/libmain.a(bootloader_start.c.obj) (bootloader_utility_load_partition_table)
esp-idf/bootloader_support/libbootloader_support.a(esp_image_format.c.obj)
                              esp-idf/bootloader_support/libbootloader_support.a(bootloader_utility.c.obj) (esp_image_load)
esp-idf/bootloader_support/libbootloader_support.a(flash_partitions.c.obj)
                              esp-idf/bootloader_support/libbootloader_support.a(bootloader_utility.c.obj) (esp_partition_table_basic_verify)
esp-idf/bootloader_support/libbootloader_support.a(bootloader_common.c.obj)
                              esp-idf/bootloader_support/libbootloader_support.a(bootloader_utility.c.obj) (bootloader_common_ota_select_valid)
esp-idf/bootloader_support/libbootloader_support.a(bootloader_flash.c.obj)
                              esp-idf/bootloader_support/libbootloader_support.a(bootloader_utility.c.obj) (bootloader_mmap)
esp-idf/spi_flash/libspi_flash.a(spi_flash_raw.c.obj)
                              esp-idf/bootloader_support/libbootloader_support.a(bootloader_flash.c.obj) (spi_flash_get_id_raw)
esp-idf/spi_flash/libspi_flash.a(spi_flash.c.obj)
                              esp-idf/bootloader_support/libbootloader_support.a(flash_partitions.c.obj) (g_rom_flashchip)
esp-idf/esp8266/libesp8266.a(crc.c.obj)
                              esp-idf/bootloader_support/libbootloader_support.a(bootloader_common.c.obj) (crc32_le)
esp-idf/esp8266/libesp8266.a(esp_fast_boot.c.obj)
                              esp-idf/bootloader_support/libbootloader_support.a(bootloader_utility.c.obj) (esp_fast_boot_get_info)
esp-idf/esp8266/libesp8266.a(ets_printf.c.obj)
                              esp-idf/esp8266/libesp8266.a(esp_fast_boot.c.obj) (ets_printf)
esp-idf/log/liblog.a(log.c.obj)
                              esp-idf/bootloader_support/libbootloader_support.a(bootloader_common.c.obj) (esp_log_early_timestamp)
D:/workspace/esp8266/ESP8266_RTOS_SDK/components/esp8266/lib\libcore.a(phy.o)
                              esp-idf/bootloader_support/libbootloader_support.a(bootloader_init.c.obj) (phy_reg_default)

Allocating common symbols
Common symbol       size              file

esp_image_spi_freq_t
                    0x4               esp-idf/main/libmain.a(bootloader_start.c.obj)

Discarded input sections

 .text          0x00000000        0x0 CMakeFiles/bootloader.elf.dir/project_elf_src.c.obj
 .data          0x00000000        0x0 CMakeFiles/bootloader.elf.dir/project_elf_src.c.obj
 .bss           0x00000000        0x0 CMakeFiles/bootloader.elf.dir/project_elf_src.c.obj
 .comment       0x00000000       0x32 CMakeFiles/bootloader.elf.dir/project_elf_src.c.obj
 .text          0x00000000        0x0 esp-idf/main/libmain.a(bootloader_start.c.obj)
 .data          0x00000000        0x0 esp-idf/main/libmain.a(bootloader_start.c.obj)
 .bss           0x00000000        0x0 esp-idf/main/libmain.a(bootloader_start.c.obj)
 .xt.lit        0x00000000       0x18 esp-idf/main/libmain.a(bootloader_start.c.obj)
 .xt.prop       0x00000000       0xe4 esp-idf/main/libmain.a(bootloader_start.c.obj)
 COMMON         0x00000000        0x4 esp-idf/main/libmain.a(bootloader_start.c.obj)
 .text          0x00000000        0x0 esp-idf/bootloader_support/libbootloader_support.a(bootloader_init.c.obj)
 .data          0x00000000        0x0 esp-idf/bootloader_support/libbootloader_support.a(bootloader_init.c.obj)
 .bss           0x00000000        0x0 esp-idf/bootloader_support/libbootloader_support.a(bootloader_init.c.obj)
 .xt.lit        0x00000000       0x20 esp-idf/bootloader_support/libbootloader_support.a(bootloader_init.c.obj)
 .xt.prop       0x00000000      0x228 esp-idf/bootloader_support/libbootloader_support.a(bootloader_init.c.obj)
 .literal.bootloader_utility_fast_boot_image
                0x00000000        0x8 esp-idf/bootloader_support/libbootloader_support.a(bootloader_utility.c.obj)
 .text          0x00000000        0x0 esp-idf/bootloader_support/libbootloader_support.a(bootloader_utility.c.obj)
 .data          0x00000000        0x0 esp-idf/bootloader_support/libbootloader_support.a(bootloader_utility.c.obj)
 .bss           0x00000000        0x0 esp-idf/bootloader_support/libbootloader_support.a(bootloader_utility.c.obj)
 .text.bootloader_utility_fast_boot_image
                0x00000000       0x27 esp-idf/bootloader_support/libbootloader_support.a(bootloader_utility.c.obj)
 .xt.lit        0x00000000       0x40 esp-idf/bootloader_support/libbootloader_support.a(bootloader_utility.c.obj)
 .xt.prop       0x00000000      0x510 esp-idf/bootloader_support/libbootloader_support.a(bootloader_utility.c.obj)
 .literal.esp_image_verify_bootloader
                0x00000000        0x8 esp-idf/bootloader_support/libbootloader_support.a(esp_image_format.c.obj)
 .text          0x00000000        0x0 esp-idf/bootloader_support/libbootloader_support.a(esp_image_format.c.obj)
 .data          0x00000000        0x0 esp-idf/bootloader_support/libbootloader_support.a(esp_image_format.c.obj)
 .bss           0x00000000        0x0 esp-idf/bootloader_support/libbootloader_support.a(esp_image_format.c.obj)
 .text.esp_image_verify_bootloader
                0x00000000       0x41 esp-idf/bootloader_support/libbootloader_support.a(esp_image_format.c.obj)
 .xt.lit        0x00000000       0x30 esp-idf/bootloader_support/libbootloader_support.a(esp_image_format.c.obj)
 .xt.prop       0x00000000      0x348 esp-idf/bootloader_support/libbootloader_support.a(esp_image_format.c.obj)
 .text          0x00000000        0x0 esp-idf/bootloader_support/libbootloader_support.a(flash_partitions.c.obj)
 .data          0x00000000        0x0 esp-idf/bootloader_support/libbootloader_support.a(flash_partitions.c.obj)
 .bss           0x00000000        0x0 esp-idf/bootloader_support/libbootloader_support.a(flash_partitions.c.obj)
 .xt.lit        0x00000000        0x8 esp-idf/bootloader_support/libbootloader_support.a(flash_partitions.c.obj)
 .xt.prop       0x00000000       0xcc esp-idf/bootloader_support/libbootloader_support.a(flash_partitions.c.obj)
 .literal.bootloader_common_check_long_hold_gpio
                0x00000000       0x58 esp-idf/bootloader_support/libbootloader_support.a(bootloader_common.c.obj)
 .text          0x00000000        0x0 esp-idf/bootloader_support/libbootloader_support.a(bootloader_common.c.obj)
 .data          0x00000000        0x0 esp-idf/bootloader_support/libbootloader_support.a(bootloader_common.c.obj)
 .bss           0x00000000        0x0 esp-idf/bootloader_support/libbootloader_support.a(bootloader_common.c.obj)
 .text.bootloader_common_check_long_hold_gpio
                0x00000000      0x230 esp-idf/bootloader_support/libbootloader_support.a(bootloader_common.c.obj)
 .xt.lit        0x00000000       0x18 esp-idf/bootloader_support/libbootloader_support.a(bootloader_common.c.obj)
 .xt.prop       0x00000000      0x420 esp-idf/bootloader_support/libbootloader_support.a(bootloader_common.c.obj)
 .literal.bootloader_flash_write
                0x00000000       0x28 esp-idf/bootloader_support/libbootloader_support.a(bootloader_flash.c.obj)
 .literal.bootloader_flash_erase_sector
                0x00000000        0x4 esp-idf/bootloader_support/libbootloader_support.a(bootloader_flash.c.obj)
 .text          0x00000000        0x0 esp-idf/bootloader_support/libbootloader_support.a(bootloader_flash.c.obj)
 .data          0x00000000        0x0 esp-idf/bootloader_support/libbootloader_support.a(bootloader_flash.c.obj)
 .bss           0x00000000        0x0 esp-idf/bootloader_support/libbootloader_support.a(bootloader_flash.c.obj)
 .rodata.bootloader_flash_write.str1.4
                0x00000000       0xa7 esp-idf/bootloader_support/libbootloader_support.a(bootloader_flash.c.obj)
 .text.bootloader_flash_write
                0x00000000       0x9d esp-idf/bootloader_support/libbootloader_support.a(bootloader_flash.c.obj)
 .text.bootloader_flash_erase_sector
                0x00000000       0x15 esp-idf/bootloader_support/libbootloader_support.a(bootloader_flash.c.obj)
 .xt.lit        0x00000000       0x50 esp-idf/bootloader_support/libbootloader_support.a(bootloader_flash.c.obj)
 .xt.prop       0x00000000      0x444 esp-idf/bootloader_support/libbootloader_support.a(bootloader_flash.c.obj)
 .literal.spi_flash_write_status_raw
                0x00000000       0x1c esp-idf/spi_flash/libspi_flash.a(spi_flash_raw.c.obj)
 .literal.spi_flash_erase_sector_raw
                0x00000000       0x14 esp-idf/spi_flash/libspi_flash.a(spi_flash_raw.c.obj)
 .literal.spi_flash_write_raw
                0x00000000        0xc esp-idf/spi_flash/libspi_flash.a(spi_flash_raw.c.obj)
 .literal.spi_flash_read_raw
                0x00000000        0xc esp-idf/spi_flash/libspi_flash.a(spi_flash_raw.c.obj)
 .text          0x00000000        0x0 esp-idf/spi_flash/libspi_flash.a(spi_flash_raw.c.obj)
 .data          0x00000000        0x0 esp-idf/spi_flash/libspi_flash.a(spi_flash_raw.c.obj)
 .bss           0x00000000        0x0 esp-idf/spi_flash/libspi_flash.a(spi_flash_raw.c.obj)
 .text.spi_flash_write_status_raw
                0x00000000       0x5c esp-idf/spi_flash/libspi_flash.a(spi_flash_raw.c.obj)
 .text.spi_flash_erase_sector_raw
                0x00000000       0x50 esp-idf/spi_flash/libspi_flash.a(spi_flash_raw.c.obj)
 .text.spi_flash_write_raw
                0x00000000       0x43 esp-idf/spi_flash/libspi_flash.a(spi_flash_raw.c.obj)
 .text.spi_flash_read_raw
                0x00000000       0x43 esp-idf/spi_flash/libspi_flash.a(spi_flash_raw.c.obj)
 .xt.lit        0x00000000       0x58 esp-idf/spi_flash/libspi_flash.a(spi_flash_raw.c.obj)
 .xt.prop       0x00000000      0x348 esp-idf/spi_flash/libspi_flash.a(spi_flash_raw.c.obj)
 .literal.spi_flash_program
                0x00000000       0x20 esp-idf/spi_flash/libspi_flash.a(spi_flash.c.obj)
 .literal.__spi_flash_write
                0x00000000        0x8 esp-idf/spi_flash/libspi_flash.a(spi_flash.c.obj)
 .literal.__spi_flash_read
                0x00000000       0x10 esp-idf/spi_flash/libspi_flash.a(spi_flash.c.obj)
 .literal.spi_flash_write_status
                0x00000000        0xc esp-idf/spi_flash/libspi_flash.a(spi_flash.c.obj)
 .literal.spi_flash_check_wr_protect
                0x00000000       0x58 esp-idf/spi_flash/libspi_flash.a(spi_flash.c.obj)
 .literal.spi_flash_erase_sector
                0x00000000       0x18 esp-idf/spi_flash/libspi_flash.a(spi_flash.c.obj)
 .literal.spi_flash_read
                0x00000000       0x24 esp-idf/spi_flash/libspi_flash.a(spi_flash.c.obj)
 .literal.spi_flash_write
                0x00000000       0x3c esp-idf/spi_flash/libspi_flash.a(spi_flash.c.obj)
 .literal.spi_flash_erase_range
                0x00000000       0x10 esp-idf/spi_flash/libspi_flash.a(spi_flash.c.obj)
 .literal.spi_flash_cache2phys
                0x00000000       0x18 esp-idf/spi_flash/libspi_flash.a(spi_flash.c.obj)
 .literal.spi_flash_get_chip_size
                0x00000000        0x4 esp-idf/spi_flash/libspi_flash.a(spi_flash.c.obj)
 .text          0x00000000        0x0 esp-idf/spi_flash/libspi_flash.a(spi_flash.c.obj)
 .data          0x00000000        0x0 esp-idf/spi_flash/libspi_flash.a(spi_flash.c.obj)
 .bss           0x00000000        0x0 esp-idf/spi_flash/libspi_flash.a(spi_flash.c.obj)
 .text.spi_flash_program
                0x00000000       0xd8 esp-idf/spi_flash/libspi_flash.a(spi_flash.c.obj)
 .text.__spi_flash_write
                0x00000000       0x23 esp-idf/spi_flash/libspi_flash.a(spi_flash.c.obj)
 .text.__spi_flash_read
                0x00000000       0x31 esp-idf/spi_flash/libspi_flash.a(spi_flash.c.obj)
 .text.spi_flash_write_status
                0x00000000       0x2a esp-idf/spi_flash/libspi_flash.a(spi_flash.c.obj)
 .text.spi_flash_check_wr_protect
                0x00000000      0x195 esp-idf/spi_flash/libspi_flash.a(spi_flash.c.obj)
 .text.spi_flash_erase_sector
                0x00000000       0x56 esp-idf/spi_flash/libspi_flash.a(spi_flash.c.obj)
 .text.spi_flash_read
                0x00000000      0x109 esp-idf/spi_flash/libspi_flash.a(spi_flash.c.obj)
 .text.spi_flash_write
                0x00000000      0x176 esp-idf/spi_flash/libspi_flash.a(spi_flash.c.obj)
 .text.spi_flash_erase_range
                0x00000000       0x67 esp-idf/spi_flash/libspi_flash.a(spi_flash.c.obj)
 .text.spi_flash_cache2phys
                0x00000000       0x4e esp-idf/spi_flash/libspi_flash.a(spi_flash.c.obj)
 .text.spi_flash_get_chip_size
                0x00000000        0x7 esp-idf/spi_flash/libspi_flash.a(spi_flash.c.obj)
 .xt.lit        0x00000000       0xd0 esp-idf/spi_flash/libspi_flash.a(spi_flash.c.obj)
 .xt.prop       0x00000000      0xb34 esp-idf/spi_flash/libspi_flash.a(spi_flash.c.obj)
 .literal.crc16_le
                0x00000000        0x4 esp-idf/esp8266/libesp8266.a(crc.c.obj)
 .literal.esp_crc8
                0x00000000        0x4 esp-idf/esp8266/libesp8266.a(crc.c.obj)
 .text          0x00000000        0x0 esp-idf/esp8266/libesp8266.a(crc.c.obj)
 .data          0x00000000        0x0 esp-idf/esp8266/libesp8266.a(crc.c.obj)
 .bss           0x00000000        0x0 esp-idf/esp8266/libesp8266.a(crc.c.obj)
 .text.crc16_le
                0x00000000       0x3b esp-idf/esp8266/libesp8266.a(crc.c.obj)
 .text.esp_crc8
                0x00000000       0x21 esp-idf/esp8266/libesp8266.a(crc.c.obj)
 .rodata.crc8_le_table
                0x00000000      0x100 esp-idf/esp8266/libesp8266.a(crc.c.obj)
 .rodata.crc16_le_table
                0x00000000      0x200 esp-idf/esp8266/libesp8266.a(crc.c.obj)
 .xt.lit        0x00000000       0x18 esp-idf/esp8266/libesp8266.a(crc.c.obj)
 .xt.prop       0x00000000       0xfc esp-idf/esp8266/libesp8266.a(crc.c.obj)
 .literal.esp_fast_boot_disable
                0x00000000        0x4 esp-idf/esp8266/libesp8266.a(esp_fast_boot.c.obj)
 .literal.esp_fast_boot_get_info
                0x00000000       0x2c esp-idf/esp8266/libesp8266.a(esp_fast_boot.c.obj)
 .literal.esp_fast_boot_print_info
                0x00000000       0x2c esp-idf/esp8266/libesp8266.a(esp_fast_boot.c.obj)
 .text          0x00000000        0x0 esp-idf/esp8266/libesp8266.a(esp_fast_boot.c.obj)
 .data          0x00000000        0x0 esp-idf/esp8266/libesp8266.a(esp_fast_boot.c.obj)
 .bss           0x00000000        0x0 esp-idf/esp8266/libesp8266.a(esp_fast_boot.c.obj)
 .text.esp_fast_boot_disable
                0x00000000       0x11 esp-idf/esp8266/libesp8266.a(esp_fast_boot.c.obj)
 .rodata.esp_fast_boot_get_info.str1.4
                0x00000000       0x24 esp-idf/esp8266/libesp8266.a(esp_fast_boot.c.obj)
 .text.esp_fast_boot_get_info
                0x00000000       0x86 esp-idf/esp8266/libesp8266.a(esp_fast_boot.c.obj)
 .rodata.esp_fast_boot_print_info.str1.4
                0x00000000       0x59 esp-idf/esp8266/libesp8266.a(esp_fast_boot.c.obj)
 .text.esp_fast_boot_print_info
                0x00000000       0x4d esp-idf/esp8266/libesp8266.a(esp_fast_boot.c.obj)
 .debug_frame   0x00000000       0x68 esp-idf/esp8266/libesp8266.a(esp_fast_boot.c.obj)
 .debug_info    0x00000000      0xbcf esp-idf/esp8266/libesp8266.a(esp_fast_boot.c.obj)
 .debug_abbrev  0x00000000      0x251 esp-idf/esp8266/libesp8266.a(esp_fast_boot.c.obj)
 .debug_loc     0x00000000       0xb0 esp-idf/esp8266/libesp8266.a(esp_fast_boot.c.obj)
 .debug_aranges
                0x00000000       0x30 esp-idf/esp8266/libesp8266.a(esp_fast_boot.c.obj)
 .debug_ranges  0x00000000       0x20 esp-idf/esp8266/libesp8266.a(esp_fast_boot.c.obj)
 .debug_line    0x00000000      0x523 esp-idf/esp8266/libesp8266.a(esp_fast_boot.c.obj)
 .debug_str     0x00000000      0x737 esp-idf/esp8266/libesp8266.a(esp_fast_boot.c.obj)
 .comment       0x00000000       0x32 esp-idf/esp8266/libesp8266.a(esp_fast_boot.c.obj)
 .xt.lit        0x00000000       0x18 esp-idf/esp8266/libesp8266.a(esp_fast_boot.c.obj)
 .xt.prop       0x00000000       0xc0 esp-idf/esp8266/libesp8266.a(esp_fast_boot.c.obj)
 .text          0x00000000        0x0 esp-idf/esp8266/libesp8266.a(ets_printf.c.obj)
 .data          0x00000000        0x0 esp-idf/esp8266/libesp8266.a(ets_printf.c.obj)
 .bss           0x00000000        0x0 esp-idf/esp8266/libesp8266.a(ets_printf.c.obj)
 .xt.lit        0x00000000       0x20 esp-idf/esp8266/libesp8266.a(ets_printf.c.obj)
 .xt.prop       0x00000000       0xd8 esp-idf/esp8266/libesp8266.a(ets_printf.c.obj)
 .text          0x00000000        0x0 esp-idf/log/liblog.a(log.c.obj)
 .data          0x00000000        0x0 esp-idf/log/liblog.a(log.c.obj)
 .bss           0x00000000        0x0 esp-idf/log/liblog.a(log.c.obj)
 .xt.lit        0x00000000       0x10 esp-idf/log/liblog.a(log.c.obj)
 .xt.prop       0x00000000       0xcc esp-idf/log/liblog.a(log.c.obj)
 .literal.phy_reg_default
                0x00000000        0x0 D:/workspace/esp8266/ESP8266_RTOS_SDK/components/esp8266/lib\libcore.a(phy.o)
 .text          0x00000000        0x0 D:/workspace/esp8266/ESP8266_RTOS_SDK/components/esp8266/lib\libcore.a(phy.o)
 .data          0x00000000        0x0 D:/workspace/esp8266/ESP8266_RTOS_SDK/components/esp8266/lib\libcore.a(phy.o)
 .bss           0x00000000        0x0 D:/workspace/esp8266/ESP8266_RTOS_SDK/components/esp8266/lib\libcore.a(phy.o)
 .xt.lit        0x00000000        0x8 D:/workspace/esp8266/ESP8266_RTOS_SDK/components/esp8266/lib\libcore.a(phy.o)
 .xt.prop       0x00000000       0x48 D:/workspace/esp8266/ESP8266_RTOS_SDK/components/esp8266/lib\libcore.a(phy.o)

Memory Configuration

Name             Origin             Length             Attributes
dport0_seg       0x3ff00000         0x00000010
dram_seg         0x3ffe8000         0x00017c00
iram_seg         0x40100000         0x00008000
*default*        0x00000000         0xffffffff

Linker script and memory map

LOAD CMakeFiles/bootloader.elf.dir/project_elf_src.c.obj
LOAD esp-idf/esp8266/libesp8266.a
LOAD esp-idf/log/liblog.a
LOAD esp-idf/spi_flash/libspi_flash.a
LOAD esp-idf/bootloader_support/libbootloader_support.a
LOAD esp-idf/main/libmain.a
START GROUP
LOAD esp-idf/spi_flash/libspi_flash.a
LOAD esp-idf/bootloader_support/libbootloader_support.a
LOAD esp-idf/spi_flash/libspi_flash.a
LOAD esp-idf/bootloader_support/libbootloader_support.a
LOAD esp-idf/esp8266/libesp8266.a
LOAD esp-idf/log/liblog.a
LOAD esp-idf/esp8266/libesp8266.a
LOAD esp-idf/log/liblog.a
LOAD D:/workspace/esp8266/ESP8266_RTOS_SDK/components/esp8266/lib\libcore.a

.text           0x40100000     0x1c36
                0x40100000                _stext = .
                0x40100000                _text_start = ABSOLUTE (.)
                0x40100000                . = ALIGN (0x10)
 *(.entry.text)
 *(.init.literal)
 *(.init)
 *(.literal .text .literal.* .text.* .stub .gnu.warning .gnu.linkonce.literal.* .gnu.linkonce.t.*.literal .gnu.linkonce.t.*)
 .literal.selected_boot_partition
                0x40100000        0x0 esp-idf/main/libmain.a(bootloader_start.c.obj)
                                  0x4 (size before relaxing)
 .literal.select_image
                0x40100000        0xc esp-idf/main/libmain.a(bootloader_start.c.obj)
                                 0x1c (size before relaxing)
 .literal.call_start_cpu
                0x4010000c        0x0 esp-idf/main/libmain.a(bootloader_start.c.obj)
                                  0xc (size before relaxing)
 .literal.print_flash_info
                0x4010000c       0x48 esp-idf/bootloader_support/libbootloader_support.a(bootloader_init.c.obj)
                                 0x54 (size before relaxing)
 .literal.update_flash_config
                0x40100054        0x4 esp-idf/bootloader_support/libbootloader_support.a(bootloader_init.c.obj)
                                  0x8 (size before relaxing)
 .literal.bootloader_main
                0x40100058       0x14 esp-idf/bootloader_support/libbootloader_support.a(bootloader_init.c.obj)
                                 0x3c (size before relaxing)
 .literal.bootloader_init
                0x4010006c        0x8 esp-idf/bootloader_support/libbootloader_support.a(bootloader_init.c.obj)
                                 0x10 (size before relaxing)
 .literal.bootloader_utility_start_image
                0x40100074        0x0 esp-idf/bootloader_support/libbootloader_support.a(bootloader_utility.c.obj)
                                  0x4 (size before relaxing)
 .literal.log_invalid_app_partition
                0x40100074       0x14 esp-idf/bootloader_support/libbootloader_support.a(bootloader_utility.c.obj)
                                 0x20 (size before relaxing)
 .literal.try_load_partition
                0x40100088        0x4 esp-idf/bootloader_support/libbootloader_support.a(bootloader_utility.c.obj)
                                 0x10 (size before relaxing)
 .literal.bootloader_utility_load_partition_table
                0x4010008c       0x4c esp-idf/bootloader_support/libbootloader_support.a(bootloader_utility.c.obj)
                                 0x74 (size before relaxing)
 .literal.bootloader_utility_get_selected_boot_partition
                0x401000d8       0x1c esp-idf/bootloader_support/libbootloader_support.a(bootloader_utility.c.obj)
                                 0x5c (size before relaxing)
 .literal.bootloader_utility_load_boot_image
                0x401000f4        0xc esp-idf/bootloader_support/libbootloader_support.a(bootloader_utility.c.obj)
                                 0x40 (size before relaxing)
 .literal.bootloader_utility_load_image
                0x40100100        0x0 esp-idf/bootloader_support/libbootloader_support.a(bootloader_utility.c.obj)
                                  0x4 (size before relaxing)
 .literal.should_map
                0x40100100        0x8 esp-idf/bootloader_support/libbootloader_support.a(esp_image_format.c.obj)
 .literal.should_load
                0x40100108        0x0 esp-idf/bootloader_support/libbootloader_support.a(esp_image_format.c.obj)
                                  0x4 (size before relaxing)
 .literal.verify_image_header
                0x40100108       0x14 esp-idf/bootloader_support/libbootloader_support.a(esp_image_format.c.obj)
                                 0x20 (size before relaxing)
 .literal.process_segment
                0x4010011c       0x18 esp-idf/bootloader_support/libbootloader_support.a(esp_image_format.c.obj)
                                 0x40 (size before relaxing)
 .literal.esp_image_load
                0x40100134       0x14 esp-idf/bootloader_support/libbootloader_support.a(esp_image_format.c.obj)
                                 0x44 (size before relaxing)
 .literal.esp_partition_table_basic_verify
                0x40100148       0x1c esp-idf/bootloader_support/libbootloader_support.a(flash_partitions.c.obj)
                                 0x2c (size before relaxing)
 .literal.bootloader_common_ota_select_crc
                0x40100164        0x0 esp-idf/bootloader_support/libbootloader_support.a(bootloader_common.c.obj)
                                  0x4 (size before relaxing)
 .literal.bootloader_common_ota_select_valid
                0x40100164        0x0 esp-idf/bootloader_support/libbootloader_support.a(bootloader_common.c.obj)
                                  0x4 (size before relaxing)
 .literal.bootloader_flash_read_no_decrypt
                0x40100164        0x4 esp-idf/bootloader_support/libbootloader_support.a(bootloader_flash.c.obj)
 .literal.bootloader_mmap
                0x40100168       0x30 esp-idf/bootloader_support/libbootloader_support.a(bootloader_flash.c.obj)
                                 0x3c (size before relaxing)
 .literal.bootloader_munmap
                0x40100198        0x0 esp-idf/bootloader_support/libbootloader_support.a(bootloader_flash.c.obj)
                                  0x8 (size before relaxing)
 .literal.bootloader_flash_read
                0x40100198        0xc esp-idf/bootloader_support/libbootloader_support.a(bootloader_flash.c.obj)
                                 0x20 (size before relaxing)
 .literal.bootloader_read_flash_id
                0x401001a4        0x8 esp-idf/bootloader_support/libbootloader_support.a(bootloader_flash.c.obj)
                                 0x10 (size before relaxing)
 .literal.bootloader_execute_flash_command
                0x401001ac        0x4 esp-idf/bootloader_support/libbootloader_support.a(bootloader_flash.c.obj)
                                 0x14 (size before relaxing)
 .literal.bootloader_flash_read_sfdp
                0x401001b0        0x4 esp-idf/bootloader_support/libbootloader_support.a(bootloader_flash.c.obj)
                                 0x14 (size before relaxing)
 .literal.bootloader_flash_xmc_startup
                0x401001b4        0xc esp-idf/bootloader_support/libbootloader_support.a(bootloader_flash.c.obj)
                                 0x40 (size before relaxing)
 .literal.Cache_Read_Disable_2
                0x401001c0       0x10 esp-idf/spi_flash/libspi_flash.a(spi_flash_raw.c.obj)
 .literal.Cache_Read_Enable_2
                0x401001d0        0x4 esp-idf/spi_flash/libspi_flash.a(spi_flash_raw.c.obj)
                                  0xc (size before relaxing)
 .literal.spi_flash_get_id_raw
                0x401001d4       0x14 esp-idf/spi_flash/libspi_flash.a(spi_flash_raw.c.obj)
 .literal.spi_flash_read_status_raw
                0x401001e8        0x4 esp-idf/spi_flash/libspi_flash.a(spi_flash_raw.c.obj)
                                  0xc (size before relaxing)
 .literal.spi_flash_enable_qmode_raw
                0x401001ec        0x4 esp-idf/spi_flash/libspi_flash.a(spi_flash_raw.c.obj)
                                 0x10 (size before relaxing)
 .literal.spi_user_cmd_raw
                0x401001f0       0x6c esp-idf/spi_flash/libspi_flash.a(spi_flash_raw.c.obj)
                                 0x84 (size before relaxing)
 .literal.spi_flash_switch_to_qio_raw
                0x4010025c        0x8 esp-idf/spi_flash/libspi_flash.a(spi_flash_raw.c.obj)
                                  0xc (size before relaxing)
 .literal.spi_user_cmd
                0x40100264        0x4 esp-idf/spi_flash/libspi_flash.a(spi_flash.c.obj)
                                  0xc (size before relaxing)
 .literal.special_flash_read_status
                0x40100268        0x0 esp-idf/spi_flash/libspi_flash.a(spi_flash.c.obj)
                                  0x4 (size before relaxing)
 .literal.flash_gd25q32c_read_status
                0x40100268        0x0 esp-idf/spi_flash/libspi_flash.a(spi_flash.c.obj)
                                  0x4 (size before relaxing)
 .literal.special_flash_write_status
                0x40100268        0x0 esp-idf/spi_flash/libspi_flash.a(spi_flash.c.obj)
                                  0x8 (size before relaxing)
 .literal.spi_flash_enable_qio_bit6
                0x40100268        0x0 esp-idf/spi_flash/libspi_flash.a(spi_flash.c.obj)
                                  0x4 (size before relaxing)
 .literal.flash_gd25q32c_write_status
                0x40100268        0x0 esp-idf/spi_flash/libspi_flash.a(spi_flash.c.obj)
                                  0x4 (size before relaxing)
 .literal.flash_gd25q32c_enable_QIO_mode
                0x40100268        0x0 esp-idf/spi_flash/libspi_flash.a(spi_flash.c.obj)
                                  0xc (size before relaxing)
 .literal.en25q16x_read_sfdp
                0x40100268        0x4 esp-idf/spi_flash/libspi_flash.a(spi_flash.c.obj)
                                  0x8 (size before relaxing)
 .literal.spi_flash_get_id
                0x4010026c        0x0 esp-idf/spi_flash/libspi_flash.a(spi_flash.c.obj)
                                  0xc (size before relaxing)
 .literal.spi_flash_read_status
                0x4010026c        0x0 esp-idf/spi_flash/libspi_flash.a(spi_flash.c.obj)
                                  0xc (size before relaxing)
 .literal.spi_flash_issi_enable_QIO_mode
                0x4010026c        0x0 esp-idf/spi_flash/libspi_flash.a(spi_flash.c.obj)
                                  0xc (size before relaxing)
 .literal.special_flash_set_mode
                0x4010026c        0x0 esp-idf/spi_flash/libspi_flash.a(spi_flash.c.obj)
                                  0x8 (size before relaxing)
 .literal.en25q16x_write_volatile_status
                0x4010026c        0x0 esp-idf/spi_flash/libspi_flash.a(spi_flash.c.obj)
                                 0x14 (size before relaxing)
 .literal.user_spi_flash_dio_to_qio_pre_init
                0x4010026c        0xc esp-idf/spi_flash/libspi_flash.a(spi_flash.c.obj)
                                 0x38 (size before relaxing)
 .literal.esp_spi_flash_init
                0x40100278       0x14 esp-idf/spi_flash/libspi_flash.a(spi_flash.c.obj)
                                 0x28 (size before relaxing)
 .literal.crc32_le
                0x4010028c        0x4 esp-idf/esp8266/libesp8266.a(crc.c.obj)
 .literal.uart_putc
                0x40100290        0x8 esp-idf/esp8266/libesp8266.a(ets_printf.c.obj)
 .literal.ets_putc
                0x40100298        0x0 esp-idf/esp8266/libesp8266.a(ets_printf.c.obj)
                                  0x4 (size before relaxing)
 .literal.ets_vprintf
                0x40100298        0x8 esp-idf/esp8266/libesp8266.a(ets_printf.c.obj)
 .iram1.0.literal
                0x401002a0        0x0 esp-idf/esp8266/libesp8266.a(ets_printf.c.obj)
                                  0x8 (size before relaxing)
 .iram1.0.literal
                0x401002a0        0x8 esp-idf/log/liblog.a(log.c.obj)
 .iram1.1.literal
                0x401002a8       0x18 esp-idf/log/liblog.a(log.c.obj)
                                 0x30 (size before relaxing)
 .text.selected_boot_partition
                0x401002c0        0xf esp-idf/main/libmain.a(bootloader_start.c.obj)
                                 0x13 (size before relaxing)
 *fill*         0x401002cf        0x1 
 .text.select_image
                0x401002d0       0x68 esp-idf/main/libmain.a(bootloader_start.c.obj)
                                 0x70 (size before relaxing)
 .text.call_start_cpu
                0x40100338       0x2a esp-idf/main/libmain.a(bootloader_start.c.obj)
                                 0x32 (size before relaxing)
                0x40100338                call_start_cpu
 *fill*         0x40100362        0x2 
 .text.print_flash_info
                0x40100364       0xc7 esp-idf/bootloader_support/libbootloader_support.a(bootloader_init.c.obj)
                                 0xcb (size before relaxing)
 *fill*         0x4010042b        0x1 
 .text.update_flash_config
                0x4010042c       0x21 esp-idf/bootloader_support/libbootloader_support.a(bootloader_init.c.obj)
 *fill*         0x4010044d        0x3 
 .text.bootloader_main
                0x40100450       0x81 esp-idf/bootloader_support/libbootloader_support.a(bootloader_init.c.obj)
                                 0x95 (size before relaxing)
 *fill*         0x401004d1        0x3 
 .text.bootloader_init
                0x401004d4       0x25 esp-idf/bootloader_support/libbootloader_support.a(bootloader_init.c.obj)
                                 0x29 (size before relaxing)
                0x401004d4                bootloader_init
 *fill*         0x401004f9        0x3 
 .text.bootloader_utility_start_image
                0x401004fc       0x20 esp-idf/bootloader_support/libbootloader_support.a(bootloader_utility.c.obj)
                                 0x24 (size before relaxing)
 .text.log_invalid_app_partition
                0x4010051c       0x4b esp-idf/bootloader_support/libbootloader_support.a(bootloader_utility.c.obj)
                                 0x53 (size before relaxing)
 *fill*         0x40100567        0x1 
 .text.try_load_partition
                0x40100568       0x3d esp-idf/bootloader_support/libbootloader_support.a(bootloader_utility.c.obj)
                                 0x41 (size before relaxing)
 *fill*         0x401005a5        0x3 
 .text.bootloader_utility_load_partition_table
                0x401005a8      0x170 esp-idf/bootloader_support/libbootloader_support.a(bootloader_utility.c.obj)
                                0x184 (size before relaxing)
                0x401005a8                bootloader_utility_load_partition_table
 .text.bootloader_utility_get_selected_boot_partition
                0x40100718      0x13c esp-idf/bootloader_support/libbootloader_support.a(bootloader_utility.c.obj)
                                0x14c (size before relaxing)
                0x40100718                bootloader_utility_get_selected_boot_partition
 .text.bootloader_utility_load_boot_image
                0x40100854       0xd6 esp-idf/bootloader_support/libbootloader_support.a(bootloader_utility.c.obj)
                                 0xfa (size before relaxing)
                0x40100854                bootloader_utility_load_boot_image
 *fill*         0x4010092a        0x2 
 .text.bootloader_utility_load_image
                0x4010092c       0x19 esp-idf/bootloader_support/libbootloader_support.a(bootloader_utility.c.obj)
                0x4010092c                bootloader_utility_load_image
 *fill*         0x40100945        0x3 
 .text.should_map
                0x40100948       0x15 esp-idf/bootloader_support/libbootloader_support.a(esp_image_format.c.obj)
 *fill*         0x4010095d        0x3 
 .text.should_load
                0x40100960       0x19 esp-idf/bootloader_support/libbootloader_support.a(esp_image_format.c.obj)
                                 0x1d (size before relaxing)
 *fill*         0x40100979        0x3 
 .text.verify_image_header
                0x4010097c       0x7d esp-idf/bootloader_support/libbootloader_support.a(esp_image_format.c.obj)
                                 0x85 (size before relaxing)
 *fill*         0x401009f9        0x3 
 .text.process_segment
                0x401009fc      0x10b esp-idf/bootloader_support/libbootloader_support.a(esp_image_format.c.obj)
                                0x117 (size before relaxing)
 *fill*         0x40100b07        0x1 
 .text.esp_image_load
                0x40100b08      0x18d esp-idf/bootloader_support/libbootloader_support.a(esp_image_format.c.obj)
                                0x1a5 (size before relaxing)
                0x40100b08                esp_image_load
 *fill*         0x40100c95        0x3 
 .text.esp_partition_table_basic_verify
                0x40100c98       0xd7 esp-idf/bootloader_support/libbootloader_support.a(flash_partitions.c.obj)
                0x40100c98                esp_partition_table_basic_verify
 *fill*         0x40100d6f        0x1 
 .text.bootloader_common_ota_select_crc
                0x40100d70       0x18 esp-idf/bootloader_support/libbootloader_support.a(bootloader_common.c.obj)
                0x40100d70                bootloader_common_ota_select_crc
 .text.bootloader_common_ota_select_valid
                0x40100d88       0x2c esp-idf/bootloader_support/libbootloader_support.a(bootloader_common.c.obj)
                0x40100d88                bootloader_common_ota_select_valid
 .text.bootloader_flash_read_no_decrypt
                0x40100db4       0x15 esp-idf/bootloader_support/libbootloader_support.a(bootloader_flash.c.obj)
 *fill*         0x40100dc9        0x3 
 .text.bootloader_mmap
                0x40100dcc       0xa6 esp-idf/bootloader_support/libbootloader_support.a(bootloader_flash.c.obj)
                0x40100dcc                bootloader_mmap
 *fill*         0x40100e72        0x2 
 .text.bootloader_munmap
                0x40100e74       0x23 esp-idf/bootloader_support/libbootloader_support.a(bootloader_flash.c.obj)
                0x40100e74                bootloader_munmap
 *fill*         0x40100e97        0x1 
 .text.bootloader_flash_read
                0x40100e98       0x62 esp-idf/bootloader_support/libbootloader_support.a(bootloader_flash.c.obj)
                                 0x65 (size before relaxing)
                0x40100e98                bootloader_flash_read
 *fill*         0x40100efa        0x2 
 .text.bootloader_read_flash_id
                0x40100efc       0x2d esp-idf/bootloader_support/libbootloader_support.a(bootloader_flash.c.obj)
                0x40100efc                bootloader_read_flash_id
 *fill*         0x40100f29        0x3 
 .text.bootloader_execute_flash_command
                0x40100f2c       0x4d esp-idf/bootloader_support/libbootloader_support.a(bootloader_flash.c.obj)
                                 0x51 (size before relaxing)
                0x40100f2c                bootloader_execute_flash_command
 *fill*         0x40100f79        0x3 
 .text.bootloader_flash_read_sfdp
                0x40100f7c       0x51 esp-idf/bootloader_support/libbootloader_support.a(bootloader_flash.c.obj)
                                 0x55 (size before relaxing)
                0x40100f7c                bootloader_flash_read_sfdp
 *fill*         0x40100fcd        0x3 
 .text.bootloader_flash_xmc_startup
                0x40100fd0       0x99 esp-idf/bootloader_support/libbootloader_support.a(bootloader_flash.c.obj)
                                 0xbd (size before relaxing)
                0x40100fd0                bootloader_flash_xmc_startup
 *fill*         0x40101069        0x3 
 .text.Cache_Read_Disable_2
                0x4010106c       0x34 esp-idf/spi_flash/libspi_flash.a(spi_flash_raw.c.obj)
                0x4010106c                Cache_Read_Disable_2
 .text.Cache_Read_Enable_2
                0x401010a0       0x28 esp-idf/spi_flash/libspi_flash.a(spi_flash_raw.c.obj)
                0x401010a0                Cache_Read_Enable_2
                0x401010a0                Cache_Read_Enable_New
 .text.spi_flash_get_id_raw
                0x401010c8       0x41 esp-idf/spi_flash/libspi_flash.a(spi_flash_raw.c.obj)
                0x401010c8                spi_flash_get_id_raw
 *fill*         0x40101109        0x3 
 .text.spi_flash_read_status_raw
                0x4010110c       0x2f esp-idf/spi_flash/libspi_flash.a(spi_flash_raw.c.obj)
                                 0x33 (size before relaxing)
                0x4010110c                spi_flash_read_status_raw
 *fill*         0x4010113b        0x1 
 .text.spi_flash_enable_qmode_raw
                0x4010113c       0x33 esp-idf/spi_flash/libspi_flash.a(spi_flash_raw.c.obj)
                                 0x37 (size before relaxing)
                0x4010113c                spi_flash_enable_qmode_raw
 *fill*         0x4010116f        0x1 
 .text.spi_user_cmd_raw
                0x40101170      0x3d1 esp-idf/spi_flash/libspi_flash.a(spi_flash_raw.c.obj)
                0x40101170                spi_user_cmd_raw
 *fill*         0x40101541        0x3 
 .text.spi_flash_switch_to_qio_raw
                0x40101544       0x25 esp-idf/spi_flash/libspi_flash.a(spi_flash_raw.c.obj)
                0x40101544                spi_flash_switch_to_qio_raw
 *fill*         0x40101569        0x3 
 .text.spi_user_cmd
                0x4010156c       0x4d esp-idf/spi_flash/libspi_flash.a(spi_flash.c.obj)
                0x4010156c                spi_user_cmd
 *fill*         0x401015b9        0x3 
 .text.special_flash_read_status
                0x401015bc       0x39 esp-idf/spi_flash/libspi_flash.a(spi_flash.c.obj)
                                 0x3d (size before relaxing)
                0x401015bc                special_flash_read_status
 *fill*         0x401015f5        0x3 
 .text.flash_gd25q32c_read_status
                0x401015f8       0x33 esp-idf/spi_flash/libspi_flash.a(spi_flash.c.obj)
 *fill*         0x4010162b        0x1 
 .text.special_flash_write_status
                0x4010162c       0x5c esp-idf/spi_flash/libspi_flash.a(spi_flash.c.obj)
                                 0x60 (size before relaxing)
                0x4010162c                special_flash_write_status
 .text.spi_flash_enable_qio_bit6
                0x40101688       0x17 esp-idf/spi_flash/libspi_flash.a(spi_flash.c.obj)
                                 0x1b (size before relaxing)
 *fill*         0x4010169f        0x1 
 .text.flash_gd25q32c_write_status
                0x401016a0       0x30 esp-idf/spi_flash/libspi_flash.a(spi_flash.c.obj)
 .text.flash_gd25q32c_enable_QIO_mode
                0x401016d0       0x3e esp-idf/spi_flash/libspi_flash.a(spi_flash.c.obj)
                                 0x46 (size before relaxing)
 *fill*         0x4010170e        0x2 
 .text.en25q16x_read_sfdp
                0x40101710       0x43 esp-idf/spi_flash/libspi_flash.a(spi_flash.c.obj)
                0x40101710                en25q16x_read_sfdp
 *fill*         0x40101753        0x1 
 .text.spi_flash_get_id
                0x40101754       0x26 esp-idf/spi_flash/libspi_flash.a(spi_flash.c.obj)
                0x40101754                spi_flash_get_id
 *fill*         0x4010177a        0x2 
 .text.spi_flash_read_status
                0x4010177c       0x28 esp-idf/spi_flash/libspi_flash.a(spi_flash.c.obj)
                0x4010177c                spi_flash_read_status
 .text.spi_flash_issi_enable_QIO_mode
                0x401017a4       0x43 esp-idf/spi_flash/libspi_flash.a(spi_flash.c.obj)
                                 0x4b (size before relaxing)
 *fill*         0x401017e7        0x1 
 .text.special_flash_set_mode
                0x401017e8       0x41 esp-idf/spi_flash/libspi_flash.a(spi_flash.c.obj)
                                 0x45 (size before relaxing)
                0x401017e8                special_flash_set_mode
 *fill*         0x40101829        0x3 
 .text.en25q16x_write_volatile_status
                0x4010182c       0x4f esp-idf/spi_flash/libspi_flash.a(spi_flash.c.obj)
                                 0x5b (size before relaxing)
                0x4010182c                en25q16x_write_volatile_status
 *fill*         0x4010187b        0x1 
 .text.user_spi_flash_dio_to_qio_pre_init
                0x4010187c       0xa3 esp-idf/spi_flash/libspi_flash.a(spi_flash.c.obj)
                                 0xb2 (size before relaxing)
                0x4010187c                user_spi_flash_dio_to_qio_pre_init
 *fill*         0x4010191f        0x1 
 .text.esp_spi_flash_init
                0x40101920       0xb9 esp-idf/spi_flash/libspi_flash.a(spi_flash.c.obj)
                                 0xc1 (size before relaxing)
                0x40101920                esp_spi_flash_init
 *fill*         0x401019d9        0x3 
 .text.crc32_le
                0x401019dc       0x31 esp-idf/esp8266/libesp8266.a(crc.c.obj)
                0x401019dc                crc32_le
 *fill*         0x40101a0d        0x3 
 .text.uart_putc
                0x40101a10       0x1b esp-idf/esp8266/libesp8266.a(ets_printf.c.obj)
 *fill*         0x40101a2b        0x1 
 .text.ets_putc
                0x40101a2c       0x17 esp-idf/esp8266/libesp8266.a(ets_printf.c.obj)
                                 0x1b (size before relaxing)
                0x40101a2c                ets_putc
 *fill*         0x40101a43        0x1 
 .text.ets_vprintf
                0x40101a44       0x1f esp-idf/esp8266/libesp8266.a(ets_printf.c.obj)
                0x40101a44                ets_vprintf
 *fill*         0x40101a63        0x1 
 .text.phy_reg_default
                0x40101a64       0x36 D:/workspace/esp8266/ESP8266_RTOS_SDK/components/esp8266/lib\libcore.a(phy.o)
                0x40101a74                phy_reg_default
 *fill*         0x40101a9a        0x0 
 *fill*         0x40101a9a        0x0 
 *fill*         0x40101a9a        0x0 
 *fill*         0x40101a9a        0x0 
 *fill*         0x40101a9a        0x0 
 *fill*         0x40101a9a        0x2 
 .text.index_to_partition
                0x40101a9c       0x4d esp-idf/bootloader_support/libbootloader_support.a(bootloader_utility.c.obj)
 *fill*         0x40101ae9        0x0 
 *fill*         0x40101ae9        0x0 
 *fill*         0x40101ae9        0x0 
 *fill*         0x40101ae9        0x0 
 *fill*         0x40101ae9        0x3 
 .text.process_segment_data
                0x40101aec        0x4 esp-idf/bootloader_support/libbootloader_support.a(esp_image_format.c.obj)
 .text.verify_segment_header
                0x40101af0        0x4 esp-idf/bootloader_support/libbootloader_support.a(esp_image_format.c.obj)
 *fill*         0x40101af4        0x0 
 *fill*         0x40101af4        0x0 
 .text.verify_checksum
                0x40101af4        0x4 esp-idf/bootloader_support/libbootloader_support.a(esp_image_format.c.obj)
 *fill*         0x40101af8        0x0 
 *fill*         0x40101af8        0x0 
 *fill*         0x40101af8        0x0 
 *fill*         0x40101af8        0x0 
 .text.is_xmc_chip_strict
                0x40101af8       0x58 esp-idf/bootloader_support/libbootloader_support.a(bootloader_flash.c.obj)
 *fill*         0x40101b50        0x0 
 *fill*         0x40101b50        0x0 
 *fill*         0x40101b50        0x0 
 *fill*         0x40101b50        0x0 
 *fill*         0x40101b50        0x0 
 *fill*         0x40101b50        0x0 
 *fill*         0x40101b50        0x0 
 *fill*         0x40101b50        0x0 
 *fill*         0x40101b50        0x0 
 *fill*         0x40101b50        0x0 
 *fill*         0x40101b50        0x0 
 *fill*         0x40101b50        0x0 
 *fill*         0x40101b50        0x0 
 *fill*         0x40101b50        0x0 
 *fill*         0x40101b50        0x0 
 *fill*         0x40101b50        0x0 
 *fill*         0x40101b50        0x0 
 *fill*         0x40101b50        0x0 
 *fill*         0x40101b50        0x0 
 *fill*         0x40101b50        0x0 
 *fill*         0x40101b50        0x0 
 *fill*         0x40101b50        0x0 
 *fill*         0x40101b50        0x0 
 *fill*         0x40101b50        0x0 
 *fill*         0x40101b50        0x0 
 *fill*         0x40101b50        0x0 
 *fill*         0x40101b50        0x0 
 *fill*         0x40101b50        0x0 
 *fill*         0x40101b50        0x0 
 *(.iram1 .iram1.*)
 .iram1.0       0x40101b50       0x35 esp-idf/esp8266/libesp8266.a(ets_printf.c.obj)
                                 0x39 (size before relaxing)
                0x40101b50                ets_printf
 *fill*         0x40101b85        0x3 
 .iram1.0       0x40101b88       0x18 esp-idf/log/liblog.a(log.c.obj)
                0x40101b88                esp_log_early_timestamp
 .iram1.1       0x40101ba0       0x96 esp-idf/log/liblog.a(log.c.obj)
                                 0xa1 (size before relaxing)
                0x40101ba0                esp_early_log_write
 *fill*         0x40101c36        0x0 
 *fill*         0x40101c36        0x0 
 *(.fini.literal)
 *(.fini)
 *(.gnu.version)
                0x40101c36                _text_end = ABSOLUTE (.)
                0x40101c36                _etext = .

.bss            0x3ffe8000        0x8
                0x3ffe8000                . = ALIGN (0x8)
                0x3ffe8000                _bss_start = ABSOLUTE (.)
 *(.dynsbss)
 *(.sbss)
 *(.sbss.*)
 *(.gnu.linkonce.sb.*)
 *(.scommon)
 *(.sbss2)
 *(.sbss2.*)
 *(.gnu.linkonce.sb2.*)
 *(.dynbss)
 *(.bss)
 *(.bss.*)
 .bss.mapped    0x3ffe8000        0x1 esp-idf/bootloader_support/libbootloader_support.a(bootloader_flash.c.obj)
 .bss.FlashIsOnGoing
                0x3ffe8001        0x1 esp-idf/spi_flash/libspi_flash.a(spi_flash.c.obj)
                0x3ffe8001                FlashIsOnGoing
 *(.gnu.linkonce.b.*)
 *(COMMON)
                0x3ffe8008                . = ALIGN (0x8)
 *fill*         0x3ffe8002        0x6 
                0x3ffe8008                _bss_end = ABSOLUTE (.)

.data           0x3ffe8008       0x18
                0x3ffe8008                _data_start = ABSOLUTE (.)
 *(.data)
 *(.data.*)
 .data.g_rom_flashchip
                0x3ffe8008       0x18 esp-idf/spi_flash/libspi_flash.a(spi_flash.c.obj)
                0x3ffe8008                g_rom_flashchip
 *(.gnu.linkonce.d.*)
 *(.data1)
 *(.sdata)
 *(.sdata.*)
 *(.gnu.linkonce.s.*)
 *(.sdata2)
 *(.sdata2.*)
 *(.gnu.linkonce.s2.*)
 *(.jcr)
                0x3ffe8020                _data_end = ABSOLUTE (.)

.rodata         0x3ffe8020      0xd0c
                0x3ffe8020                _rodata_start = ABSOLUTE (.)
 *(.rodata)
 *(.rodata.*)
 .rodata.select_image.str1.4
                0x3ffe8020       0x21 esp-idf/main/libmain.a(bootloader_start.c.obj)
 *fill*         0x3ffe8041        0x3 
 .rodata.print_flash_info.str1.4
                0x3ffe8044       0x88 esp-idf/bootloader_support/libbootloader_support.a(bootloader_init.c.obj)
                                 0x94 (size before relaxing)
 .rodata.print_flash_info
                0x3ffe80cc       0x28 esp-idf/bootloader_support/libbootloader_support.a(bootloader_init.c.obj)
 .rodata.bootloader_main.str1.4
                0x3ffe80f4       0x9e esp-idf/bootloader_support/libbootloader_support.a(bootloader_init.c.obj)
 *fill*         0x3ffe8192        0x2 
 .rodata.log_invalid_app_partition.str1.4
                0x3ffe8194       0x68 esp-idf/bootloader_support/libbootloader_support.a(bootloader_utility.c.obj)
                                 0x70 (size before relaxing)
 .rodata.try_load_partition.str1.4
                0x3ffe81fc       0x29 esp-idf/bootloader_support/libbootloader_support.a(bootloader_utility.c.obj)
 *fill*         0x3ffe8225        0x3 
 .rodata.bootloader_utility_load_partition_table.str1.4
                0x3ffe8228      0x137 esp-idf/bootloader_support/libbootloader_support.a(bootloader_utility.c.obj)
 *fill*         0x3ffe835f        0x1 
 .rodata.bootloader_utility_get_selected_boot_partition.str1.4
                0x3ffe8360       0xef esp-idf/bootloader_support/libbootloader_support.a(bootloader_utility.c.obj)
 *fill*         0x3ffe844f        0x1 
 .rodata.bootloader_utility_load_boot_image.str1.4
                0x3ffe8450       0x9a esp-idf/bootloader_support/libbootloader_support.a(bootloader_utility.c.obj)
 *fill*         0x3ffe84ea        0x2 
 .rodata.verify_image_header.str1.4
                0x3ffe84ec       0x82 esp-idf/bootloader_support/libbootloader_support.a(esp_image_format.c.obj)
 *fill*         0x3ffe856e        0x2 
 .rodata.process_segment.str1.4
                0x3ffe8570       0x8f esp-idf/bootloader_support/libbootloader_support.a(esp_image_format.c.obj)
                                 0x93 (size before relaxing)
 *fill*         0x3ffe85ff        0x1 
 .rodata.esp_image_load.str1.4
                0x3ffe8600       0xaf esp-idf/bootloader_support/libbootloader_support.a(esp_image_format.c.obj)
 *fill*         0x3ffe86af        0x1 
 .rodata.esp_partition_table_basic_verify.str1.4
                0x3ffe86b0       0xb4 esp-idf/bootloader_support/libbootloader_support.a(flash_partitions.c.obj)
 .rodata.bootloader_mmap.str1.4
                0x3ffe8764       0x57 esp-idf/bootloader_support/libbootloader_support.a(bootloader_flash.c.obj)
 *fill*         0x3ffe87bb        0x1 
 .rodata.bootloader_flash_read.str1.4
                0x3ffe87bc       0x9f esp-idf/bootloader_support/libbootloader_support.a(bootloader_flash.c.obj)
 *fill*         0x3ffe885b        0x1 
 .rodata.bootloader_execute_flash_command.str1.4
                0x3ffe885c       0x19 esp-idf/bootloader_support/libbootloader_support.a(bootloader_flash.c.obj)
 *fill*         0x3ffe8875        0x3 
 .rodata.bootloader_flash_read_sfdp.str1.4
                0x3ffe8878       0x14 esp-idf/bootloader_support/libbootloader_support.a(bootloader_flash.c.obj)
 .rodata.bootloader_flash_xmc_startup.str1.4
                0x3ffe888c       0x2f esp-idf/bootloader_support/libbootloader_support.a(bootloader_flash.c.obj)
 *fill*         0x3ffe88bb        0x1 
 .rodata.esp_spi_flash_init.str1.4
                0x3ffe88bc       0x29 esp-idf/spi_flash/libspi_flash.a(spi_flash.c.obj)
 *fill*         0x3ffe88e5        0x3 
 .rodata.crc32_le_table
                0x3ffe88e8      0x400 esp-idf/esp8266/libesp8266.a(crc.c.obj)
 .rodata.str1.4
                0x3ffe8ce8       0x24 esp-idf/log/liblog.a(log.c.obj)
                                 0x22 (size before relaxing)
 .rodata.s_log_prefix
                0x3ffe8d0c        0x6 esp-idf/log/liblog.a(log.c.obj)
 *fill*         0x3ffe8d12        0x2 
 .rodata.s_log_color
                0x3ffe8d14       0x18 esp-idf/log/liblog.a(log.c.obj)
 *(.gnu.linkonce.r.*)
 *(.rodata1)
                0x3ffe8d2c                __XT_EXCEPTION_TABLE_ = ABSOLUTE (.)
 *(.xt_except_table)
 *(.gcc_except_table)
 *(.gnu.linkonce.e.*)
 *(.gnu.version_r)
 *(.eh_frame)
                0x3ffe8d2c                . = ((. + 0x3) & 0xfffffffc)
                0x3ffe8d2c                __init_array_start = ABSOLUTE (.)
 *crtbegin.o(.ctors)
 *(EXCLUDE_FILE(*crtend.o) .ctors)
 *(SORT_BY_NAME(.ctors.*))
 *(.ctors)
                0x3ffe8d2c                __init_array_end = ABSOLUTE (.)
 *crtbegin.o(.dtors)
 *(EXCLUDE_FILE(*crtend.o) .dtors)
 *(SORT_BY_NAME(.dtors.*))
 *(.dtors)
                0x3ffe8d2c                __XT_EXCEPTION_DESCS_ = ABSOLUTE (.)
 *(.xt_except_desc)
 *(.gnu.linkonce.h.*)
                0x3ffe8d2c                __XT_EXCEPTION_DESCS_END__ = ABSOLUTE (.)
 *(.xt_except_desc_end)
 *(.dynamic)
 *(.gnu.version_d)
                0x3ffe8d2c                _rodata_end = ABSOLUTE (.)
                0x3ffe8d2c                _lit4_start = ABSOLUTE (.)
 *(*.lit4)
 *(.lit4.*)
 *(.gnu.linkonce.lit4.*)
                0x3ffe8d2c                _lit4_end = ABSOLUTE (.)
                0x3ffe8d2c                . = ALIGN (0x4)
                0x3ffe8d2c                _heap_start = ABSOLUTE (.)
                0x60001100                PROVIDE (rtc_sys_info = 0x60001100)
                [!provide]                PROVIDE (ets_memcpy = 0x400018b4)
                0x40004b1c                PROVIDE (SPIRead = 0x40004b1c)
                0x40004a4c                PROVIDE (SPIWrite = 0x40004a4c)
                0x40004a00                PROVIDE (SPIEraseSector = 0x40004a00)
                0x40004cf0                PROVIDE (gpio_input_get = 0x40004cf0)
                [!provide]                PROVIDE (xthal_get_ccount = 0x4000dd38)
                [!provide]                PROVIDE (uart_div_modify = 0x400039d8)
                0x40001f00                PROVIDE (ets_io_vprintf = 0x40001f00)
                0x40002ecc                PROVIDE (ets_rom_delay_us = 0x40002ecc)
                0x400040c0                PROVIDE (SPI_sector_erase = 0x400040c0)
                0x40004174                PROVIDE (SPI_page_program = 0x40004174)
                0x400042ac                PROVIDE (SPI_read_data = 0x400042ac)
                0x400043c8                PROVIDE (SPI_read_status = 0x400043c8)
                0x40004400                PROVIDE (SPI_write_status = 0x40004400)
                0x4000443c                PROVIDE (SPI_write_enable = 0x4000443c)
                0x4000448c                PROVIDE (Wait_SPI_Idle = 0x4000448c)
                0x400044c0                PROVIDE (Enable_QMode = 0x400044c0)
                [!provide]                PROVIDE (Disable_QMode = 0x40004508)
                0x40004678                PROVIDE (Cache_Read_Enable = 0x40004678)
                0x400047f0                PROVIDE (Cache_Read_Disable = 0x400047f0)
                [!provide]                PROVIDE (lldesc_build_chain = 0x40004f40)
                [!provide]                PROVIDE (lldesc_num2link = 0x40005050)
                [!provide]                PROVIDE (lldesc_set_owner = 0x4000507c)
                0x4000c538                __adddf3 = 0x4000c538
                0x4000c180                __addsf3 = 0x4000c180
                0x4000cb94                __divdf3 = 0x4000cb94
                0x4000ce60                __divdi3 = 0x4000ce60
                0x4000dc88                __divsi3 = 0x4000dc88
                0x4000cdfc                __extendsfdf2 = 0x4000cdfc
                0x4000ccb8                __fixdfsi = 0x4000ccb8
                0x4000cd00                __fixunsdfsi = 0x4000cd00
                0x4000c4c4                __fixunssfsi = 0x4000c4c4
                0x4000e2f0                __floatsidf = 0x4000e2f0
                0x4000e2ac                __floatsisf = 0x4000e2ac
                0x4000e2e8                __floatunsidf = 0x4000e2e8
                0x4000e2a4                __floatunsisf = 0x4000e2a4
                0x4000c8f0                __muldf3 = 0x4000c8f0
                0x40000650                __muldi3 = 0x40000650
                0x4000c3dc                __mulsf3 = 0x4000c3dc
                0x4000c688                __subdf3 = 0x4000c688
                0x4000c268                __subsf3 = 0x4000c268
                0x4000cd5c                __truncdfsf2 = 0x4000cd5c
                0x4000d310                __udivdi3 = 0x4000d310
                0x4000e21c                __udivsi3 = 0x4000e21c
                0x4000d770                __umoddi3 = 0x4000d770
                0x4000e268                __umodsi3 = 0x4000e268
                0x4000dcf0                __umulsidi3 = 0x4000dcf0
                0x4000de84                bzero = 0x4000de84
                0x4000dea8                memcmp = 0x4000dea8
                0x4000df48                memcpy = 0x4000df48
                0x4000e04c                memmove = 0x4000e04c
                0x4000e190                memset = 0x4000e190
                0x4000bdc8                strcmp = 0x4000bdc8
                0x4000bec8                strcpy = 0x4000bec8
                0x4000bf4c                strlen = 0x4000bf4c
                0x4000bfa8                strncmp = 0x4000bfa8
                0x4000c0a0                strncpy = 0x4000c0a0
                0x4000e1e0                strstr = 0x4000e1e0
                [!provide]                PROVIDE (gpio_input_get = 0x40004cf0)
                [!provide]                PROVIDE (gpio_pin_wakeup_disable = 0x40004ed4)
                [!provide]                PROVIDE (gpio_pin_wakeup_enable = 0x40004e90)
                [!provide]                PROVIDE (ets_io_vprintf = 0x40001f00)
                [!provide]                PROVIDE (uart_rx_one_char = 0x40003b8c)
                [!provide]                PROVIDE (rom_i2c_readReg = 0x40007268)
                [!provide]                PROVIDE (rom_i2c_readReg_Mask = 0x4000729c)
                [!provide]                PROVIDE (rom_i2c_writeReg = 0x400072d8)
                [!provide]                PROVIDE (rom_i2c_writeReg_Mask = 0x4000730c)
                [!provide]                PROVIDE (rom_software_reboot = 0x40000080)

.xtensa.info    0x00000000       0x38
 .xtensa.info   0x00000000       0x38 CMakeFiles/bootloader.elf.dir/project_elf_src.c.obj
 .xtensa.info   0x00000038        0x0 esp-idf/main/libmain.a(bootloader_start.c.obj)
 .xtensa.info   0x00000038        0x0 esp-idf/bootloader_support/libbootloader_support.a(bootloader_init.c.obj)
 .xtensa.info   0x00000038        0x0 esp-idf/bootloader_support/libbootloader_support.a(bootloader_utility.c.obj)
 .xtensa.info   0x00000038        0x0 esp-idf/bootloader_support/libbootloader_support.a(esp_image_format.c.obj)
 .xtensa.info   0x00000038        0x0 esp-idf/bootloader_support/libbootloader_support.a(flash_partitions.c.obj)
 .xtensa.info   0x00000038        0x0 esp-idf/bootloader_support/libbootloader_support.a(bootloader_common.c.obj)
 .xtensa.info   0x00000038        0x0 esp-idf/bootloader_support/libbootloader_support.a(bootloader_flash.c.obj)
 .xtensa.info   0x00000038        0x0 esp-idf/spi_flash/libspi_flash.a(spi_flash_raw.c.obj)
 .xtensa.info   0x00000038        0x0 esp-idf/spi_flash/libspi_flash.a(spi_flash.c.obj)
 .xtensa.info   0x00000038        0x0 esp-idf/esp8266/libesp8266.a(crc.c.obj)
 .xtensa.info   0x00000038        0x0 esp-idf/esp8266/libesp8266.a(esp_fast_boot.c.obj)
 .xtensa.info   0x00000038        0x0 esp-idf/esp8266/libesp8266.a(ets_printf.c.obj)
 .xtensa.info   0x00000038        0x0 esp-idf/log/liblog.a(log.c.obj)
 .xtensa.info   0x00000038        0x0 D:/workspace/esp8266/ESP8266_RTOS_SDK/components/esp8266/lib\libcore.a(phy.o)

.comment        0x00000000       0x6b
 .comment       0x00000000       0x31 esp-idf/main/libmain.a(bootloader_start.c.obj)
                                 0x32 (size before relaxing)
 .comment       0x00000031       0x32 esp-idf/bootloader_support/libbootloader_support.a(bootloader_init.c.obj)
 .comment       0x00000031       0x32 esp-idf/bootloader_support/libbootloader_support.a(bootloader_utility.c.obj)
 .comment       0x00000031       0x32 esp-idf/bootloader_support/libbootloader_support.a(esp_image_format.c.obj)
 .comment       0x00000031       0x32 esp-idf/bootloader_support/libbootloader_support.a(flash_partitions.c.obj)
 .comment       0x00000031       0x32 esp-idf/bootloader_support/libbootloader_support.a(bootloader_common.c.obj)
 .comment       0x00000031       0x32 esp-idf/bootloader_support/libbootloader_support.a(bootloader_flash.c.obj)
 .comment       0x00000031       0x32 esp-idf/spi_flash/libspi_flash.a(spi_flash_raw.c.obj)
 .comment       0x00000031       0x32 esp-idf/spi_flash/libspi_flash.a(spi_flash.c.obj)
 .comment       0x00000031       0x32 esp-idf/esp8266/libesp8266.a(crc.c.obj)
 .comment       0x00000031       0x32 esp-idf/esp8266/libesp8266.a(ets_printf.c.obj)
 .comment       0x00000031       0x32 esp-idf/log/liblog.a(log.c.obj)
 .comment       0x00000031       0x3a D:/workspace/esp8266/ESP8266_RTOS_SDK/components/esp8266/lib\libcore.a(phy.o)
                                 0x3b (size before relaxing)
END GROUP
OUTPUT(bootloader.elf elf32-xtensa-le)

.debug_frame    0x00000000      0xb44
 .debug_frame   0x00000000       0x74 esp-idf/main/libmain.a(bootloader_start.c.obj)
 .debug_frame   0x00000074       0x94 esp-idf/bootloader_support/libbootloader_support.a(bootloader_init.c.obj)
 .debug_frame   0x00000108      0x140 esp-idf/bootloader_support/libbootloader_support.a(bootloader_utility.c.obj)
 .debug_frame   0x00000248      0x10c esp-idf/bootloader_support/libbootloader_support.a(esp_image_format.c.obj)
 .debug_frame   0x00000354       0x38 esp-idf/bootloader_support/libbootloader_support.a(flash_partitions.c.obj)
 .debug_frame   0x0000038c       0x74 esp-idf/bootloader_support/libbootloader_support.a(bootloader_common.c.obj)
 .debug_frame   0x00000400      0x170 esp-idf/bootloader_support/libbootloader_support.a(bootloader_flash.c.obj)
 .debug_frame   0x00000570      0x16c esp-idf/spi_flash/libspi_flash.a(spi_flash_raw.c.obj)
 .debug_frame   0x000006dc      0x350 esp-idf/spi_flash/libspi_flash.a(spi_flash.c.obj)
 .debug_frame   0x00000a2c       0x40 esp-idf/esp8266/libesp8266.a(crc.c.obj)
 .debug_frame   0x00000a6c       0x80 esp-idf/esp8266/libesp8266.a(ets_printf.c.obj)
 .debug_frame   0x00000aec       0x58 esp-idf/log/liblog.a(log.c.obj)

.debug_info     0x00000000     0xca78
 .debug_info    0x00000000      0xdde esp-idf/main/libmain.a(bootloader_start.c.obj)
 .debug_info    0x00000dde      0xe51 esp-idf/bootloader_support/libbootloader_support.a(bootloader_init.c.obj)
 .debug_info    0x00001c2f     0x178d esp-idf/bootloader_support/libbootloader_support.a(bootloader_utility.c.obj)
 .debug_info    0x000033bc     0x1495 esp-idf/bootloader_support/libbootloader_support.a(esp_image_format.c.obj)
 .debug_info    0x00004851      0xca5 esp-idf/bootloader_support/libbootloader_support.a(flash_partitions.c.obj)
 .debug_info    0x000054f6     0x12b3 esp-idf/bootloader_support/libbootloader_support.a(bootloader_common.c.obj)
 .debug_info    0x000067a9     0x13ab esp-idf/bootloader_support/libbootloader_support.a(bootloader_flash.c.obj)
 .debug_info    0x00007b54     0x1096 esp-idf/spi_flash/libspi_flash.a(spi_flash_raw.c.obj)
 .debug_info    0x00008bea     0x1e3a esp-idf/spi_flash/libspi_flash.a(spi_flash.c.obj)
 .debug_info    0x0000aa24      0x247 esp-idf/esp8266/libesp8266.a(crc.c.obj)
 .debug_info    0x0000ac6b      0xb53 esp-idf/esp8266/libesp8266.a(ets_printf.c.obj)
 .debug_info    0x0000b7be     0x12ba esp-idf/log/liblog.a(log.c.obj)

.debug_abbrev   0x00000000     0x21f8
 .debug_abbrev  0x00000000      0x2ee esp-idf/main/libmain.a(bootloader_start.c.obj)
 .debug_abbrev  0x000002ee      0x2f2 esp-idf/bootloader_support/libbootloader_support.a(bootloader_init.c.obj)
 .debug_abbrev  0x000005e0      0x355 esp-idf/bootloader_support/libbootloader_support.a(bootloader_utility.c.obj)
 .debug_abbrev  0x00000935      0x300 esp-idf/bootloader_support/libbootloader_support.a(esp_image_format.c.obj)
 .debug_abbrev  0x00000c35      0x271 esp-idf/bootloader_support/libbootloader_support.a(flash_partitions.c.obj)
 .debug_abbrev  0x00000ea6      0x2c7 esp-idf/bootloader_support/libbootloader_support.a(bootloader_common.c.obj)
 .debug_abbrev  0x0000116d      0x308 esp-idf/bootloader_support/libbootloader_support.a(bootloader_flash.c.obj)
 .debug_abbrev  0x00001475      0x29f esp-idf/spi_flash/libspi_flash.a(spi_flash_raw.c.obj)
 .debug_abbrev  0x00001714      0x45b esp-idf/spi_flash/libspi_flash.a(spi_flash.c.obj)
 .debug_abbrev  0x00001b6f       0xdf esp-idf/esp8266/libesp8266.a(crc.c.obj)
 .debug_abbrev  0x00001c4e      0x295 esp-idf/esp8266/libesp8266.a(ets_printf.c.obj)
 .debug_abbrev  0x00001ee3      0x315 esp-idf/log/liblog.a(log.c.obj)

.debug_loc      0x00000000     0x378e
 .debug_loc     0x00000000       0x9b esp-idf/main/libmain.a(bootloader_start.c.obj)
 .debug_loc     0x0000009b       0xde esp-idf/bootloader_support/libbootloader_support.a(bootloader_init.c.obj)
 .debug_loc     0x00000179      0x717 esp-idf/bootloader_support/libbootloader_support.a(bootloader_utility.c.obj)
 .debug_loc     0x00000890      0x805 esp-idf/bootloader_support/libbootloader_support.a(esp_image_format.c.obj)
 .debug_loc     0x00001095      0x11a esp-idf/bootloader_support/libbootloader_support.a(flash_partitions.c.obj)
 .debug_loc     0x000011af      0x18f esp-idf/bootloader_support/libbootloader_support.a(bootloader_common.c.obj)
 .debug_loc     0x0000133e      0x836 esp-idf/bootloader_support/libbootloader_support.a(bootloader_flash.c.obj)
 .debug_loc     0x00001b74      0x663 esp-idf/spi_flash/libspi_flash.a(spi_flash_raw.c.obj)
 .debug_loc     0x000021d7     0x11ff esp-idf/spi_flash/libspi_flash.a(spi_flash.c.obj)
 .debug_loc     0x000033d6      0x1b6 esp-idf/esp8266/libesp8266.a(crc.c.obj)
 .debug_loc     0x0000358c       0xe9 esp-idf/esp8266/libesp8266.a(ets_printf.c.obj)
 .debug_loc     0x00003675      0x119 esp-idf/log/liblog.a(log.c.obj)

.debug_aranges  0x00000000      0x3d0
 .debug_aranges
                0x00000000       0x30 esp-idf/main/libmain.a(bootloader_start.c.obj)
 .debug_aranges
                0x00000030       0x38 esp-idf/bootloader_support/libbootloader_support.a(bootloader_init.c.obj)
 .debug_aranges
                0x00000068       0x60 esp-idf/bootloader_support/libbootloader_support.a(bootloader_utility.c.obj)
 .debug_aranges
                0x000000c8       0x60 esp-idf/bootloader_support/libbootloader_support.a(esp_image_format.c.obj)
 .debug_aranges
                0x00000128       0x20 esp-idf/bootloader_support/libbootloader_support.a(flash_partitions.c.obj)
 .debug_aranges
                0x00000148       0x30 esp-idf/bootloader_support/libbootloader_support.a(bootloader_common.c.obj)
 .debug_aranges
                0x00000178       0x70 esp-idf/bootloader_support/libbootloader_support.a(bootloader_flash.c.obj)
 .debug_aranges
                0x000001e8       0x70 esp-idf/spi_flash/libspi_flash.a(spi_flash_raw.c.obj)
 .debug_aranges
                0x00000258       0xe8 esp-idf/spi_flash/libspi_flash.a(spi_flash.c.obj)
 .debug_aranges
                0x00000340       0x30 esp-idf/esp8266/libesp8266.a(crc.c.obj)
 .debug_aranges
                0x00000370       0x38 esp-idf/esp8266/libesp8266.a(ets_printf.c.obj)
 .debug_aranges
                0x000003a8       0x28 esp-idf/log/liblog.a(log.c.obj)

.debug_ranges   0x00000000      0x328
 .debug_ranges  0x00000000       0x20 esp-idf/main/libmain.a(bootloader_start.c.obj)
 .debug_ranges  0x00000020       0x28 esp-idf/bootloader_support/libbootloader_support.a(bootloader_init.c.obj)
 .debug_ranges  0x00000048       0x50 esp-idf/bootloader_support/libbootloader_support.a(bootloader_utility.c.obj)
 .debug_ranges  0x00000098       0x50 esp-idf/bootloader_support/libbootloader_support.a(esp_image_format.c.obj)
 .debug_ranges  0x000000e8       0x10 esp-idf/bootloader_support/libbootloader_support.a(flash_partitions.c.obj)
 .debug_ranges  0x000000f8       0x20 esp-idf/bootloader_support/libbootloader_support.a(bootloader_common.c.obj)
 .debug_ranges  0x00000118       0x60 esp-idf/bootloader_support/libbootloader_support.a(bootloader_flash.c.obj)
 .debug_ranges  0x00000178       0x60 esp-idf/spi_flash/libspi_flash.a(spi_flash_raw.c.obj)
 .debug_ranges  0x000001d8       0xf0 esp-idf/spi_flash/libspi_flash.a(spi_flash.c.obj)
 .debug_ranges  0x000002c8       0x20 esp-idf/esp8266/libesp8266.a(crc.c.obj)
 .debug_ranges  0x000002e8       0x28 esp-idf/esp8266/libesp8266.a(ets_printf.c.obj)
 .debug_ranges  0x00000310       0x18 esp-idf/log/liblog.a(log.c.obj)

.debug_line     0x00000000     0x84ba
 .debug_line    0x00000000      0x5c7 esp-idf/main/libmain.a(bootloader_start.c.obj)
 .debug_line    0x000005c7      0x81d esp-idf/bootloader_support/libbootloader_support.a(bootloader_init.c.obj)
 .debug_line    0x00000de4     0x134a esp-idf/bootloader_support/libbootloader_support.a(bootloader_utility.c.obj)
 .debug_line    0x0000212e      0xf39 esp-idf/bootloader_support/libbootloader_support.a(esp_image_format.c.obj)
 .debug_line    0x00003067      0x622 esp-idf/bootloader_support/libbootloader_support.a(flash_partitions.c.obj)
 .debug_line    0x00003689      0x5f0 esp-idf/bootloader_support/libbootloader_support.a(bootloader_common.c.obj)
 .debug_line    0x00003c79      0xf05 esp-idf/bootloader_support/libbootloader_support.a(bootloader_flash.c.obj)
 .debug_line    0x00004b7e      0xbee esp-idf/spi_flash/libspi_flash.a(spi_flash_raw.c.obj)
 .debug_line    0x0000576c     0x1f80 esp-idf/spi_flash/libspi_flash.a(spi_flash.c.obj)
 .debug_line    0x000076ec      0x3d3 esp-idf/esp8266/libesp8266.a(crc.c.obj)
 .debug_line    0x00007abf      0x47f esp-idf/esp8266/libesp8266.a(ets_printf.c.obj)
 .debug_line    0x00007f3e      0x57c esp-idf/log/liblog.a(log.c.obj)

.debug_str      0x00000000     0x25c4
 .debug_str     0x00000000      0x87d esp-idf/main/libmain.a(bootloader_start.c.obj)
                                0x952 (size before relaxing)
 .debug_str     0x0000087d      0x336 esp-idf/bootloader_support/libbootloader_support.a(bootloader_init.c.obj)
                                0xa62 (size before relaxing)
 .debug_str     0x00000bb3      0x2ea esp-idf/bootloader_support/libbootloader_support.a(bootloader_utility.c.obj)
                                0xbd3 (size before relaxing)
 .debug_str     0x00000e9d      0x1c3 esp-idf/bootloader_support/libbootloader_support.a(esp_image_format.c.obj)
                                0xb95 (size before relaxing)
 .debug_str     0x00001060       0x85 esp-idf/bootloader_support/libbootloader_support.a(flash_partitions.c.obj)
                                0x7ef (size before relaxing)
 .debug_str     0x000010e5      0xabd esp-idf/bootloader_support/libbootloader_support.a(bootloader_common.c.obj)
                               0x1101 (size before relaxing)
 .debug_str     0x00001ba2      0x290 esp-idf/bootloader_support/libbootloader_support.a(bootloader_flash.c.obj)
                                0x9f7 (size before relaxing)
 .debug_str     0x00001e32      0x1fc esp-idf/spi_flash/libspi_flash.a(spi_flash_raw.c.obj)
                                0x8f7 (size before relaxing)
 .debug_str     0x0000202e      0x3a9 esp-idf/spi_flash/libspi_flash.a(spi_flash.c.obj)
                                0xd62 (size before relaxing)
 .debug_str     0x000023d7       0x84 esp-idf/esp8266/libesp8266.a(crc.c.obj)
                                0x202 (size before relaxing)
 .debug_str     0x0000245b       0xc7 esp-idf/esp8266/libesp8266.a(ets_printf.c.obj)
                                0x6da (size before relaxing)
 .debug_str     0x00002522       0xa2 esp-idf/log/liblog.a(log.c.obj)
                               0x1079 (size before relaxing)

Cross Reference Table

Symbol                                            File
Cache_Read_Disable                                esp-idf/bootloader_support/libbootloader_support.a(bootloader_flash.c.obj)
                                                  esp-idf/bootloader_support/libbootloader_support.a(bootloader_init.c.obj)
Cache_Read_Disable_2                              esp-idf/spi_flash/libspi_flash.a(spi_flash_raw.c.obj)
Cache_Read_Enable                                 esp-idf/bootloader_support/libbootloader_support.a(bootloader_flash.c.obj)
Cache_Read_Enable_2                               esp-idf/spi_flash/libspi_flash.a(spi_flash_raw.c.obj)
Cache_Read_Enable_New                             esp-idf/spi_flash/libspi_flash.a(spi_flash_raw.c.obj)
Enable_QMode                                      esp-idf/spi_flash/libspi_flash.a(spi_flash_raw.c.obj)
FlashIsOnGoing                                    esp-idf/spi_flash/libspi_flash.a(spi_flash.c.obj)
                                                  esp-idf/esp8266/libesp8266.a(ets_printf.c.obj)
SPIEraseSector                                    esp-idf/bootloader_support/libbootloader_support.a(bootloader_flash.c.obj)
SPIRead                                           esp-idf/bootloader_support/libbootloader_support.a(bootloader_flash.c.obj)
SPIWrite                                          esp-idf/bootloader_support/libbootloader_support.a(bootloader_flash.c.obj)
SPI_page_program                                  esp-idf/spi_flash/libspi_flash.a(spi_flash_raw.c.obj)
SPI_read_data                                     esp-idf/spi_flash/libspi_flash.a(spi_flash_raw.c.obj)
SPI_read_status                                   esp-idf/spi_flash/libspi_flash.a(spi_flash_raw.c.obj)
SPI_sector_erase                                  esp-idf/spi_flash/libspi_flash.a(spi_flash_raw.c.obj)
SPI_write_enable                                  esp-idf/spi_flash/libspi_flash.a(spi_flash_raw.c.obj)
SPI_write_status                                  esp-idf/spi_flash/libspi_flash.a(spi_flash_raw.c.obj)
Wait_SPI_Idle                                     esp-idf/spi_flash/libspi_flash.a(spi_flash_raw.c.obj)
__udivsi3                                         esp-idf/log/liblog.a(log.c.obj)
                                                  esp-idf/spi_flash/libspi_flash.a(spi_flash.c.obj)
                                                  esp-idf/bootloader_support/libbootloader_support.a(bootloader_common.c.obj)
__umodsi3                                         esp-idf/spi_flash/libspi_flash.a(spi_flash.c.obj)
                                                  esp-idf/bootloader_support/libbootloader_support.a(bootloader_flash.c.obj)
                                                  esp-idf/bootloader_support/libbootloader_support.a(bootloader_utility.c.obj)
_bss_end                                          esp-idf/bootloader_support/libbootloader_support.a(bootloader_init.c.obj)
_bss_start                                        esp-idf/bootloader_support/libbootloader_support.a(bootloader_init.c.obj)
bootloader_common_check_long_hold_gpio            esp-idf/bootloader_support/libbootloader_support.a(bootloader_common.c.obj)
bootloader_common_ota_select_crc                  esp-idf/bootloader_support/libbootloader_support.a(bootloader_common.c.obj)
bootloader_common_ota_select_valid                esp-idf/bootloader_support/libbootloader_support.a(bootloader_common.c.obj)
                                                  esp-idf/bootloader_support/libbootloader_support.a(bootloader_utility.c.obj)
bootloader_execute_flash_command                  esp-idf/bootloader_support/libbootloader_support.a(bootloader_flash.c.obj)
bootloader_flash_erase_sector                     esp-idf/bootloader_support/libbootloader_support.a(bootloader_flash.c.obj)
bootloader_flash_read                             esp-idf/bootloader_support/libbootloader_support.a(bootloader_flash.c.obj)
                                                  esp-idf/bootloader_support/libbootloader_support.a(esp_image_format.c.obj)
                                                  esp-idf/bootloader_support/libbootloader_support.a(bootloader_init.c.obj)
bootloader_flash_read_sfdp                        esp-idf/bootloader_support/libbootloader_support.a(bootloader_flash.c.obj)
bootloader_flash_write                            esp-idf/bootloader_support/libbootloader_support.a(bootloader_flash.c.obj)
bootloader_flash_xmc_startup                      esp-idf/bootloader_support/libbootloader_support.a(bootloader_flash.c.obj)
                                                  esp-idf/bootloader_support/libbootloader_support.a(bootloader_init.c.obj)
bootloader_init                                   esp-idf/bootloader_support/libbootloader_support.a(bootloader_init.c.obj)
                                                  esp-idf/main/libmain.a(bootloader_start.c.obj)
bootloader_mmap                                   esp-idf/bootloader_support/libbootloader_support.a(bootloader_flash.c.obj)
                                                  esp-idf/bootloader_support/libbootloader_support.a(bootloader_utility.c.obj)
bootloader_munmap                                 esp-idf/bootloader_support/libbootloader_support.a(bootloader_flash.c.obj)
                                                  esp-idf/bootloader_support/libbootloader_support.a(bootloader_utility.c.obj)
bootloader_read_flash_id                          esp-idf/bootloader_support/libbootloader_support.a(bootloader_flash.c.obj)
bootloader_utility_fast_boot_image                esp-idf/bootloader_support/libbootloader_support.a(bootloader_utility.c.obj)
bootloader_utility_get_selected_boot_partition    esp-idf/bootloader_support/libbootloader_support.a(bootloader_utility.c.obj)
                                                  esp-idf/main/libmain.a(bootloader_start.c.obj)
bootloader_utility_load_boot_image                esp-idf/bootloader_support/libbootloader_support.a(bootloader_utility.c.obj)
                                                  esp-idf/main/libmain.a(bootloader_start.c.obj)
bootloader_utility_load_image                     esp-idf/bootloader_support/libbootloader_support.a(bootloader_utility.c.obj)
                                                  esp-idf/main/libmain.a(bootloader_start.c.obj)
bootloader_utility_load_partition_table           esp-idf/bootloader_support/libbootloader_support.a(bootloader_utility.c.obj)
                                                  esp-idf/main/libmain.a(bootloader_start.c.obj)
call_start_cpu                                    esp-idf/main/libmain.a(bootloader_start.c.obj)
crc16_le                                          esp-idf/esp8266/libesp8266.a(crc.c.obj)
crc32_le                                          esp-idf/esp8266/libesp8266.a(crc.c.obj)
                                                  esp-idf/esp8266/libesp8266.a(esp_fast_boot.c.obj)
                                                  esp-idf/bootloader_support/libbootloader_support.a(bootloader_common.c.obj)
en25q16x_read_sfdp                                esp-idf/spi_flash/libspi_flash.a(spi_flash.c.obj)
en25q16x_write_volatile_status                    esp-idf/spi_flash/libspi_flash.a(spi_flash.c.obj)
esp_crc8                                          esp-idf/esp8266/libesp8266.a(crc.c.obj)
esp_early_log_write                               esp-idf/log/liblog.a(log.c.obj)
                                                  esp-idf/esp8266/libesp8266.a(esp_fast_boot.c.obj)
                                                  esp-idf/spi_flash/libspi_flash.a(spi_flash.c.obj)
                                                  esp-idf/bootloader_support/libbootloader_support.a(bootloader_flash.c.obj)
                                                  esp-idf/bootloader_support/libbootloader_support.a(flash_partitions.c.obj)
                                                  esp-idf/bootloader_support/libbootloader_support.a(esp_image_format.c.obj)
                                                  esp-idf/bootloader_support/libbootloader_support.a(bootloader_utility.c.obj)
                                                  esp-idf/bootloader_support/libbootloader_support.a(bootloader_init.c.obj)
                                                  esp-idf/main/libmain.a(bootloader_start.c.obj)
esp_fast_boot_disable                             esp-idf/esp8266/libesp8266.a(esp_fast_boot.c.obj)
esp_fast_boot_get_info                            esp-idf/esp8266/libesp8266.a(esp_fast_boot.c.obj)
                                                  esp-idf/bootloader_support/libbootloader_support.a(bootloader_utility.c.obj)
esp_fast_boot_print_info                          esp-idf/esp8266/libesp8266.a(esp_fast_boot.c.obj)
esp_image_load                                    esp-idf/bootloader_support/libbootloader_support.a(esp_image_format.c.obj)
                                                  esp-idf/bootloader_support/libbootloader_support.a(bootloader_utility.c.obj)
esp_image_spi_freq_t                              esp-idf/spi_flash/libspi_flash.a(spi_flash.c.obj)
                                                  esp-idf/bootloader_support/libbootloader_support.a(esp_image_format.c.obj)
                                                  esp-idf/bootloader_support/libbootloader_support.a(bootloader_utility.c.obj)
                                                  esp-idf/bootloader_support/libbootloader_support.a(bootloader_init.c.obj)
                                                  esp-idf/main/libmain.a(bootloader_start.c.obj)
esp_image_verify_bootloader                       esp-idf/bootloader_support/libbootloader_support.a(esp_image_format.c.obj)
esp_log_early_timestamp                           esp-idf/log/liblog.a(log.c.obj)
                                                  esp-idf/bootloader_support/libbootloader_support.a(bootloader_common.c.obj)
esp_partition_table_basic_verify                  esp-idf/bootloader_support/libbootloader_support.a(flash_partitions.c.obj)
                                                  esp-idf/bootloader_support/libbootloader_support.a(bootloader_utility.c.obj)
esp_spi_flash_init                                esp-idf/spi_flash/libspi_flash.a(spi_flash.c.obj)
                                                  esp-idf/bootloader_support/libbootloader_support.a(bootloader_init.c.obj)
esp_task_wdt_reset                                esp-idf/spi_flash/libspi_flash.a(spi_flash.c.obj)
ets_io_vprintf                                    esp-idf/esp8266/libesp8266.a(ets_printf.c.obj)
ets_printf                                        esp-idf/esp8266/libesp8266.a(ets_printf.c.obj)
                                                  esp-idf/log/liblog.a(log.c.obj)
                                                  esp-idf/esp8266/libesp8266.a(esp_fast_boot.c.obj)
ets_putc                                          esp-idf/esp8266/libesp8266.a(ets_printf.c.obj)
ets_rom_delay_us                                  esp-idf/bootloader_support/libbootloader_support.a(bootloader_flash.c.obj)
ets_vprintf                                       esp-idf/esp8266/libesp8266.a(ets_printf.c.obj)
                                                  esp-idf/log/liblog.a(log.c.obj)
g_rom_flashchip                                   esp-idf/spi_flash/libspi_flash.a(spi_flash.c.obj)
                                                  esp-idf/bootloader_support/libbootloader_support.a(bootloader_flash.c.obj)
                                                  esp-idf/bootloader_support/libbootloader_support.a(flash_partitions.c.obj)
gpio_input_get                                    esp-idf/bootloader_support/libbootloader_support.a(bootloader_common.c.obj)
memcpy                                            esp-idf/spi_flash/libspi_flash.a(spi_flash.c.obj)
                                                  esp-idf/bootloader_support/libbootloader_support.a(flash_partitions.c.obj)
                                                  esp-idf/bootloader_support/libbootloader_support.a(bootloader_utility.c.obj)
memset                                            esp-idf/bootloader_support/libbootloader_support.a(esp_image_format.c.obj)
                                                  esp-idf/bootloader_support/libbootloader_support.a(bootloader_utility.c.obj)
                                                  esp-idf/bootloader_support/libbootloader_support.a(bootloader_init.c.obj)
                                                  esp-idf/main/libmain.a(bootloader_start.c.obj)
phy_reg_default                                   D:/workspace/esp8266/ESP8266_RTOS_SDK/components/esp8266/lib\libcore.a(phy.o)
                                                  esp-idf/bootloader_support/libbootloader_support.a(bootloader_init.c.obj)
rtc_sys_info                                      esp-idf/esp8266/libesp8266.a(esp_fast_boot.c.obj)
                                                  esp-idf/bootloader_support/libbootloader_support.a(bootloader_utility.c.obj)
special_flash_read_status                         esp-idf/spi_flash/libspi_flash.a(spi_flash.c.obj)
special_flash_set_mode                            esp-idf/spi_flash/libspi_flash.a(spi_flash.c.obj)
special_flash_write_status                        esp-idf/spi_flash/libspi_flash.a(spi_flash.c.obj)
spi_flash_cache2phys                              esp-idf/spi_flash/libspi_flash.a(spi_flash.c.obj)
spi_flash_check_wr_protect                        esp-idf/spi_flash/libspi_flash.a(spi_flash.c.obj)
spi_flash_enable_qmode_raw                        esp-idf/spi_flash/libspi_flash.a(spi_flash_raw.c.obj)
                                                  esp-idf/spi_flash/libspi_flash.a(spi_flash.c.obj)
spi_flash_erase_range                             esp-idf/spi_flash/libspi_flash.a(spi_flash.c.obj)
spi_flash_erase_sector                            esp-idf/spi_flash/libspi_flash.a(spi_flash.c.obj)
spi_flash_erase_sector_raw                        esp-idf/spi_flash/libspi_flash.a(spi_flash_raw.c.obj)
                                                  esp-idf/spi_flash/libspi_flash.a(spi_flash.c.obj)
spi_flash_get_chip_size                           esp-idf/spi_flash/libspi_flash.a(spi_flash.c.obj)
spi_flash_get_id                                  esp-idf/spi_flash/libspi_flash.a(spi_flash.c.obj)
spi_flash_get_id_raw                              esp-idf/spi_flash/libspi_flash.a(spi_flash_raw.c.obj)
                                                  esp-idf/spi_flash/libspi_flash.a(spi_flash.c.obj)
                                                  esp-idf/bootloader_support/libbootloader_support.a(bootloader_flash.c.obj)
spi_flash_read                                    esp-idf/spi_flash/libspi_flash.a(spi_flash.c.obj)
spi_flash_read_raw                                esp-idf/spi_flash/libspi_flash.a(spi_flash_raw.c.obj)
                                                  esp-idf/spi_flash/libspi_flash.a(spi_flash.c.obj)
spi_flash_read_status                             esp-idf/spi_flash/libspi_flash.a(spi_flash.c.obj)
spi_flash_read_status_raw                         esp-idf/spi_flash/libspi_flash.a(spi_flash_raw.c.obj)
                                                  esp-idf/spi_flash/libspi_flash.a(spi_flash.c.obj)
spi_flash_switch_to_qio_raw                       esp-idf/spi_flash/libspi_flash.a(spi_flash_raw.c.obj)
                                                  esp-idf/spi_flash/libspi_flash.a(spi_flash.c.obj)
spi_flash_write                                   esp-idf/spi_flash/libspi_flash.a(spi_flash.c.obj)
spi_flash_write_raw                               esp-idf/spi_flash/libspi_flash.a(spi_flash_raw.c.obj)
                                                  esp-idf/spi_flash/libspi_flash.a(spi_flash.c.obj)
spi_flash_write_status                            esp-idf/spi_flash/libspi_flash.a(spi_flash.c.obj)
spi_flash_write_status_raw                        esp-idf/spi_flash/libspi_flash.a(spi_flash_raw.c.obj)
                                                  esp-idf/spi_flash/libspi_flash.a(spi_flash.c.obj)
spi_user_cmd                                      esp-idf/spi_flash/libspi_flash.a(spi_flash.c.obj)
spi_user_cmd_raw                                  esp-idf/spi_flash/libspi_flash.a(spi_flash_raw.c.obj)
                                                  esp-idf/spi_flash/libspi_flash.a(spi_flash.c.obj)
                                                  esp-idf/bootloader_support/libbootloader_support.a(bootloader_flash.c.obj)
user_spi_flash_dio_to_qio_pre_init                esp-idf/spi_flash/libspi_flash.a(spi_flash.c.obj)
